Archive member included to satisfy reference by file (symbol)

lib/orangescrt.a(printf.o)    kernel/main.o (printf)
lib/orangescrt.a(vsprintf.o)  kernel/main.o (vsprintf)
lib/orangescrt.a(string.o)    kernel/start.o (memcpy)
lib/orangescrt.a(misc.o)      kernel/main.o (send_recv)
lib/orangescrt.a(open.o)      kernel/main.o (open)
lib/orangescrt.a(read.o)      kernel/main.o (read)
lib/orangescrt.a(write.o)     kernel/main.o (write)
lib/orangescrt.a(close.o)     kernel/main.o (close)
lib/orangescrt.a(lseek.o)     kernel/main.o (lseek)
lib/orangescrt.a(getpid.o)    kernel/main.o (getpid)
lib/orangescrt.a(stat.o)      mm/exec.o (stat)
lib/orangescrt.a(fork.o)      kernel/main.o (fork)
lib/orangescrt.a(wait.o)      kernel/main.o (wait)
lib/orangescrt.a(exec.o)      kernel/main.o (execv)
lib/orangescrt.a(syscall.o)   lib/orangescrt.a(misc.o) (sendrec)

Allocating common symbols
Common symbol       size              file

idt_ptr             0x6               kernel/global.o
inode_table         0xb00             kernel/global.o
task_stack          0x24000           kernel/global.o
k_reenter           0x4               kernel/global.o
gdt                 0x400             kernel/global.o
current_console     0x4               kernel/global.o
pcaller             0x4               kernel/global.o
tty_table           0xc6c             kernel/global.o
tss                 0x68              kernel/global.o
fs_msg              0xf8              kernel/global.o
memory_size         0x4               kernel/global.o
f_desc_table        0x400             kernel/global.o
root_inode          0x4               kernel/global.o
disp_pos            0x4               kernel/global.o
mm_msg              0xf8              kernel/global.o
key_pressed         0x4               kernel/global.o
gdt_ptr             0x6               kernel/global.o
idt                 0x800             kernel/global.o
super_block         0x1e0             kernel/global.o
PARTITION_ENTRY     0x10              kernel/hd.o
ticks               0x4               kernel/global.o
console_table       0x3c              kernel/global.o
irq_table           0x40              kernel/global.o
p_proc_ready        0x4               kernel/global.o
proc_table          0x3af8            kernel/global.o

Discarded input sections

 .note.GNU-stack
                0x0000000000000000        0x0 kernel/start.o
 .note.GNU-stack
                0x0000000000000000        0x0 kernel/main.o
 .note.GNU-stack
                0x0000000000000000        0x0 kernel/clock.o
 .note.GNU-stack
                0x0000000000000000        0x0 kernel/keyboard.o
 .note.GNU-stack
                0x0000000000000000        0x0 kernel/tty.o
 .note.GNU-stack
                0x0000000000000000        0x0 kernel/console.o
 .note.GNU-stack
                0x0000000000000000        0x0 kernel/i8259.o
 .note.GNU-stack
                0x0000000000000000        0x0 kernel/global.o
 .note.GNU-stack
                0x0000000000000000        0x0 kernel/protect.o
 .note.GNU-stack
                0x0000000000000000        0x0 kernel/proc.o
 .note.GNU-stack
                0x0000000000000000        0x0 kernel/systask.o
 .note.GNU-stack
                0x0000000000000000        0x0 kernel/hd.o
 .note.GNU-stack
                0x0000000000000000        0x0 kernel/klib.o
 .note.GNU-stack
                0x0000000000000000        0x0 lib/syslog.o
 .note.GNU-stack
                0x0000000000000000        0x0 mm/main.o
 .note.GNU-stack
                0x0000000000000000        0x0 mm/forkexit.o
 .note.GNU-stack
                0x0000000000000000        0x0 mm/exec.o
 .note.GNU-stack
                0x0000000000000000        0x0 fs/main.o
 .note.GNU-stack
                0x0000000000000000        0x0 fs/open.o
 .note.GNU-stack
                0x0000000000000000        0x0 fs/misc.o
 .note.GNU-stack
                0x0000000000000000        0x0 fs/read_write.o
 .note.GNU-stack
                0x0000000000000000        0x0 fs/link.o
 .note.GNU-stack
                0x0000000000000000        0x0 fs/disklog.o
 .note.GNU-stack
                0x0000000000000000        0x0 fs/search_dir.o
 .note.GNU-stack
                0x0000000000000000        0x0 lib/orangescrt.a(printf.o)
 .note.GNU-stack
                0x0000000000000000        0x0 lib/orangescrt.a(vsprintf.o)
 .note.GNU-stack
                0x0000000000000000        0x0 lib/orangescrt.a(misc.o)
 .note.GNU-stack
                0x0000000000000000        0x0 lib/orangescrt.a(open.o)
 .note.GNU-stack
                0x0000000000000000        0x0 lib/orangescrt.a(read.o)
 .note.GNU-stack
                0x0000000000000000        0x0 lib/orangescrt.a(write.o)
 .note.GNU-stack
                0x0000000000000000        0x0 lib/orangescrt.a(close.o)
 .note.GNU-stack
                0x0000000000000000        0x0 lib/orangescrt.a(lseek.o)
 .note.GNU-stack
                0x0000000000000000        0x0 lib/orangescrt.a(getpid.o)
 .note.GNU-stack
                0x0000000000000000        0x0 lib/orangescrt.a(stat.o)
 .note.GNU-stack
                0x0000000000000000        0x0 lib/orangescrt.a(fork.o)
 .note.GNU-stack
                0x0000000000000000        0x0 lib/orangescrt.a(wait.o)
 .note.GNU-stack
                0x0000000000000000        0x0 lib/orangescrt.a(exec.o)

Memory Configuration

Name             Origin             Length             Attributes
*default*        0x0000000000000000 0xffffffffffffffff

Linker script and memory map

Address of section .text set to 0x1000
LOAD kernel/kernel.o
LOAD kernel/start.o
LOAD kernel/main.o
LOAD kernel/clock.o
LOAD kernel/keyboard.o
LOAD kernel/tty.o
LOAD kernel/console.o
LOAD kernel/i8259.o
LOAD kernel/global.o
LOAD kernel/protect.o
LOAD kernel/proc.o
LOAD kernel/systask.o
LOAD kernel/hd.o
LOAD kernel/kliba.o
LOAD kernel/klib.o
LOAD lib/syslog.o
LOAD mm/main.o
LOAD mm/forkexit.o
LOAD mm/exec.o
LOAD fs/main.o
LOAD fs/open.o
LOAD fs/misc.o
LOAD fs/read_write.o
LOAD fs/link.o
LOAD fs/disklog.o
LOAD fs/search_dir.o
LOAD lib/orangescrt.a
                0x0000000008048000                PROVIDE (__executable_start, 0x8048000)
                0x0000000008048094                . = (0x8048000 + SIZEOF_HEADERS)

.interp
 *(.interp)

.note.gnu.build-id
 *(.note.gnu.build-id)

.hash
 *(.hash)

.gnu.hash
 *(.gnu.hash)

.dynsym
 *(.dynsym)

.dynstr
 *(.dynstr)

.gnu.version
 *(.gnu.version)

.gnu.version_d
 *(.gnu.version_d)

.gnu.version_r
 *(.gnu.version_r)

.rel.dyn        0x0000000008048094        0x0
 *(.rel.init)
 *(.rel.text .rel.text.* .rel.gnu.linkonce.t.*)
 .rel.text      0x0000000000000000        0x0 kernel/kernel.o
 *(.rel.fini)
 *(.rel.rodata .rel.rodata.* .rel.gnu.linkonce.r.*)
 *(.rel.data.rel.ro .rel.data.rel.ro.* .rel.gnu.linkonce.d.rel.ro.*)
 *(.rel.data .rel.data.* .rel.gnu.linkonce.d.*)
 .rel.data      0x0000000000000000        0x0 kernel/kernel.o
 *(.rel.tdata .rel.tdata.* .rel.gnu.linkonce.td.*)
 *(.rel.tbss .rel.tbss.* .rel.gnu.linkonce.tb.*)
 *(.rel.ctors)
 *(.rel.dtors)
 *(.rel.got)
 *(.rel.bss .rel.bss.* .rel.gnu.linkonce.b.*)
 *(.rel.ifunc)

.rel.plt        0x0000000008048094        0x0
 *(.rel.plt)
                0x0000000008048094                PROVIDE (__rel_iplt_start, .)
 *(.rel.iplt)
 .rel.iplt      0x0000000000000000        0x0 kernel/kernel.o
                0x0000000008048094                PROVIDE (__rel_iplt_end, .)

.init
 *(SORT(.init))

.plt            0x00000000080480a0        0x0
 *(.plt)
 *(.iplt)
 .iplt          0x0000000000000000        0x0 kernel/kernel.o

.text           0x0000000000001000     0xce18
 *(.text.unlikely .text.*_unlikely .text.unlikely.*)
 *(.text.exit .text.exit.*)
 *(.text.startup .text.startup.*)
 *(.text.hot .text.hot.*)
 *(.text .stub .text.* .gnu.linkonce.t.*)
 .text          0x0000000000001000      0x410 kernel/kernel.o
                0x0000000000001000                _start
                0x0000000000001040                hwint00
                0x0000000000001070                hwint01
                0x00000000000010a0                hwint02
                0x00000000000010d0                hwint03
                0x0000000000001100                hwint04
                0x0000000000001130                hwint05
                0x0000000000001160                hwint06
                0x0000000000001190                hwint07
                0x00000000000011c0                hwint08
                0x00000000000011f0                hwint09
                0x0000000000001220                hwint10
                0x0000000000001250                hwint11
                0x0000000000001280                hwint12
                0x00000000000012b0                hwint13
                0x00000000000012e0                hwint14
                0x0000000000001310                hwint15
                0x0000000000001334                divide_error
                0x000000000000133a                single_step_exception
                0x0000000000001340                nmi
                0x0000000000001346                breakpoint_exception
                0x000000000000134c                overflow
                0x0000000000001352                bounds_check
                0x0000000000001358                inval_opcode
                0x000000000000135e                copr_not_available
                0x0000000000001364                double_fault
                0x0000000000001368                copr_seg_overrun
                0x000000000000136e                inval_tss
                0x0000000000001372                segment_not_present
                0x0000000000001376                stack_exception
                0x000000000000137a                general_protection
                0x000000000000137e                page_fault
                0x0000000000001382                copr_error
                0x00000000000013cb                sys_call
                0x00000000000013eb                restart
 .text          0x0000000000001410       0x8e kernel/start.o
                0x0000000000001410                cstart
 .text          0x000000000000149e      0xa62 kernel/main.o
                0x000000000000149e                kernel_main
                0x00000000000017d3                get_ticks
                0x0000000000001817                untar
                0x0000000000001aec                shabby_shell
                0x0000000000001d2c                Init
                0x0000000000001ea1                TestA
                0x0000000000001ea6                TestB
                0x0000000000001eab                TestC
                0x0000000000001eb0                panic
 .text          0x0000000000001f00      0x115 kernel/clock.o
                0x0000000000001f00                clock_handler
                0x0000000000001f78                milli_delay
                0x0000000000001fb1                init_clock
 .text          0x0000000000002015      0x6cf kernel/keyboard.o
                0x0000000000002015                keyboard_handler
                0x000000000000207b                init_keyboard
                0x000000000000212a                keyboard_read
 .text          0x00000000000026e4      0xaa8 kernel/tty.o
                0x00000000000026e4                task_tty
                0x00000000000028fa                in_process
                0x0000000000002e93                sys_printx
                0x0000000000003035                dump_tty_buf
 .text          0x000000000000318c      0x7e1 kernel/console.o
                0x000000000000318c                init_screen
                0x00000000000032fd                out_char
                0x00000000000035f3                is_current_console
                0x00000000000036e8                select_console
                0x0000000000003723                scroll_screen
 .text          0x000000000000396d      0x13c kernel/i8259.o
                0x000000000000396d                init_8259A
                0x0000000000003a5e                spurious_irq
                0x0000000000003a89                put_irq_handler
 .text          0x0000000000003aa9        0x0 kernel/global.o
 .text          0x0000000000003aa9      0x842 kernel/protect.o
                0x0000000000003aa9                init_prot
                0x0000000000004103                seg2linear
                0x0000000000004152                init_desc
                0x00000000000041be                exception_handler
 .text          0x00000000000042eb     0x18c0 kernel/proc.o
                0x00000000000042eb                schedule
                0x0000000000004376                sys_sendrec
                0x00000000000044d5                ldt_seg_linear
                0x000000000000451f                va2la
                0x000000000000458e                reset_msg
                0x0000000000005559                inform_int
                0x00000000000056ef                dump_proc
                0x0000000000005a52                dump_msg
 .text          0x0000000000005bab      0x2f3 kernel/systask.o
                0x0000000000005bab                task_sys
 .text          0x0000000000005e9e      0xdd6 kernel/hd.o
                0x0000000000005e9e                task_hd
                0x0000000000006c4f                hd_handler
 *fill*         0x0000000000006c74        0xc 
 .text          0x0000000000006c80      0x19a kernel/kliba.o
                0x0000000000006c80                disp_str
                0x0000000000006cbe                disp_color_str
                0x0000000000006cfd                out_byte
                0x0000000000006d09                in_byte
                0x0000000000006d13                port_read
                0x0000000000006d26                port_write
                0x0000000000006d39                disable_irq
                0x0000000000006d6e                enable_irq
                0x0000000000006d8d                disable_int
                0x0000000000006d8f                enable_int
                0x0000000000006d91                glitter
 .text          0x0000000000006e1a      0x2d2 kernel/klib.o
                0x0000000000006e1a                get_boot_params
                0x0000000000006eba                get_kernel_map
                0x0000000000006fd6                itoa
                0x0000000000007081                disp_int
                0x00000000000070a6                delay
 .text          0x00000000000070ec       0x75 lib/syslog.o
                0x00000000000070ec                syslog
 .text          0x0000000000007161      0x1d9 mm/main.o
                0x0000000000007161                task_mm
                0x00000000000072a7                alloc_mem
                0x0000000000007330                free_mem
 .text          0x000000000000733a      0x641 mm/forkexit.o
                0x000000000000733a                do_fork
                0x00000000000076dc                do_exit
                0x00000000000078b9                do_wait
 .text          0x000000000000797b      0x392 mm/exec.o
                0x000000000000797b                do_exec
 .text          0x0000000000007d0d     0x130e fs/main.o
                0x0000000000007d0d                task_fs
                0x000000000000899b                rw_sector
                0x0000000000008bf3                get_super_block
                0x0000000000008c39                get_inode
                0x0000000000008da7                put_inode
                0x0000000000008dec                sync_inode
 .text          0x000000000000901b      0xc49 fs/open.o
                0x000000000000901b                do_open
                0x0000000000009596                do_close
                0x000000000000960d                do_lseek
 .text          0x0000000000009c64      0x3f6 fs/misc.o
                0x0000000000009c64                do_stat
                0x0000000000009e55                search_file
                0x0000000000009fce                strip_path
 .text          0x000000000000a05a      0x538 fs/read_write.o
                0x000000000000a05a                do_rdwt
 .text          0x000000000000a592      0x8f6 fs/link.o
                0x000000000000a592                do_unlink
 .text          0x000000000000ae88     0x2142 fs/disklog.o
                0x000000000000ae88                disklog
                0x000000000000b4ce                dump_fd_graph
 .text          0x000000000000cfca      0x170 fs/search_dir.o
                0x000000000000cfca                do_search_dir
 .text          0x000000000000d13a       0xc0 lib/orangescrt.a(printf.o)
                0x000000000000d13a                printf
                0x000000000000d1b9                printl
 .text          0x000000000000d1fa      0x318 lib/orangescrt.a(vsprintf.o)
                0x000000000000d25d                vsprintf
                0x000000000000d4e8                sprintf
 *fill*         0x000000000000d512        0xe 
 .text          0x000000000000d520       0x78 lib/orangescrt.a(string.o)
                0x000000000000d520                memcpy
                0x000000000000d549                memset
                0x000000000000d56a                strcpy
                0x000000000000d582                strlen
 .text          0x000000000000d598      0x288 lib/orangescrt.a(misc.o)
                0x000000000000d598                send_recv
                0x000000000000d678                memcmp
                0x000000000000d6ee                strcmp
                0x000000000000d760                strcat
                0x000000000000d7bf                spin
                0x000000000000d7da                assertion_failure
 .text          0x000000000000d820       0x7f lib/orangescrt.a(open.o)
                0x000000000000d820                open
 .text          0x000000000000d89f       0x48 lib/orangescrt.a(read.o)
                0x000000000000d89f                read
 .text          0x000000000000d8e7       0x48 lib/orangescrt.a(write.o)
                0x000000000000d8e7                write
 .text          0x000000000000d92f       0x3c lib/orangescrt.a(close.o)
                0x000000000000d92f                close
 .text          0x000000000000d96b       0x48 lib/orangescrt.a(lseek.o)
                0x000000000000d96b                lseek
 .text          0x000000000000d9b3       0x65 lib/orangescrt.a(getpid.o)
                0x000000000000d9b3                getpid
 .text          0x000000000000da18       0x7f lib/orangescrt.a(stat.o)
                0x000000000000da18                stat
 .text          0x000000000000da97       0x90 lib/orangescrt.a(fork.o)
                0x000000000000da97                fork
 .text          0x000000000000db27       0x4d lib/orangescrt.a(wait.o)
                0x000000000000db27                wait
 .text          0x000000000000db74      0x26f lib/orangescrt.a(exec.o)
                0x000000000000db74                exec
                0x000000000000dbfb                execl
                0x000000000000dc21                execv
 *fill*         0x000000000000dde3        0xd 
 .text          0x000000000000ddf0       0x28 lib/orangescrt.a(syscall.o)
                0x000000000000ddf0                sendrec
                0x000000000000de0a                printx
 *(.gnu.warning)

.fini
 *(SORT(.fini))
                0x000000000000de18                PROVIDE (__etext, .)
                0x000000000000de18                PROVIDE (_etext, .)
                0x000000000000de18                PROVIDE (etext, .)

.rodata         0x000000000000de20     0x2613
 *(.rodata .rodata.* .gnu.linkonce.r.*)
 .rodata        0x000000000000de20       0x47 kernel/start.o
 *fill*         0x000000000000de67        0x1 
 .rodata        0x000000000000de68      0x1e8 kernel/main.o
 .rodata        0x000000000000e050       0x64 kernel/keyboard.o
 .rodata        0x000000000000e0b4      0x168 kernel/tty.o
 .rodata        0x000000000000e21c       0x5b kernel/console.o
 .rodata        0x000000000000e277       0x11 kernel/i8259.o
 .rodata        0x000000000000e288       0x10 kernel/global.o
                0x000000000000e288                FSBUF_SIZE
                0x000000000000e28c                MMBUF_SIZE
                0x000000000000e290                LOGBUF_SIZE
                0x000000000000e294                LOGDISKBUF_SIZE
 *fill*         0x000000000000e298        0x8 
 .rodata        0x000000000000e2a0      0x580 kernel/protect.o
 .rodata        0x000000000000e820      0x5da kernel/proc.o
 .rodata        0x000000000000edfa       0x11 kernel/systask.o
 *fill*         0x000000000000ee0b        0x1 
 .rodata        0x000000000000ee0c      0x15c kernel/hd.o
 .rodata        0x000000000000ef68       0x6a kernel/klib.o
 .rodata        0x000000000000efd2       0x1e lib/syslog.o
 .rodata        0x000000000000eff0       0xb1 mm/main.o
 *fill*         0x000000000000f0a1        0x3 
 .rodata        0x000000000000f0a4       0xe7 mm/forkexit.o
 *fill*         0x000000000000f18b        0x1 
 .rodata        0x000000000000f18c       0xa4 mm/exec.o
 .rodata        0x000000000000f230      0x2d6 fs/main.o
 *fill*         0x000000000000f506        0x2 
 .rodata        0x000000000000f508      0x1c8 fs/open.o
 .rodata        0x000000000000f6d0       0x60 fs/misc.o
 .rodata        0x000000000000f730      0x164 fs/read_write.o
 .rodata        0x000000000000f894      0x1ad fs/link.o
 *fill*         0x000000000000fa41        0x3 
 .rodata        0x000000000000fa44      0x806 fs/disklog.o
 .rodata        0x000000000001024a       0x14 lib/orangescrt.a(printf.o)
 *fill*         0x000000000001025e        0x2 
 .rodata        0x0000000000010260       0xad lib/orangescrt.a(misc.o)
 .rodata        0x000000000001030d       0x23 lib/orangescrt.a(open.o)
 .rodata        0x0000000000010330       0x25 lib/orangescrt.a(getpid.o)
 .rodata        0x0000000000010355       0x23 lib/orangescrt.a(stat.o)
 .rodata        0x0000000000010378       0x33 lib/orangescrt.a(fork.o)
 *fill*         0x00000000000103ab        0x1 
 .rodata        0x00000000000103ac       0x87 lib/orangescrt.a(exec.o)

.rodata1
 *(.rodata1)

.eh_frame_hdr
 *(.eh_frame_hdr)

.eh_frame       0x0000000000010434     0x12e0
 *(.eh_frame)
 .eh_frame      0x0000000000010434       0x38 kernel/start.o
 .eh_frame      0x000000000001046c      0x108 kernel/main.o
                                        0x120 (size before relaxing)
 .eh_frame      0x0000000000010574       0x60 kernel/clock.o
                                         0x78 (size before relaxing)
 .eh_frame      0x00000000000105d4       0xe0 kernel/keyboard.o
                                         0xf8 (size before relaxing)
 .eh_frame      0x00000000000106b4      0x13c kernel/tty.o
                                        0x154 (size before relaxing)
 .eh_frame      0x00000000000107f0      0x148 kernel/console.o
                                        0x160 (size before relaxing)
 .eh_frame      0x0000000000010938       0x60 kernel/i8259.o
                                         0x78 (size before relaxing)
 .eh_frame      0x0000000000010998       0xb0 kernel/protect.o
                                         0xc8 (size before relaxing)
 .eh_frame      0x0000000000010a48      0x1c0 kernel/proc.o
                                        0x1d8 (size before relaxing)
 .eh_frame      0x0000000000010c08       0x5c kernel/systask.o
                                         0x74 (size before relaxing)
 .eh_frame      0x0000000000010c64      0x1e8 kernel/hd.o
                                        0x200 (size before relaxing)
 .eh_frame      0x0000000000010e4c       0xa0 kernel/klib.o
                                         0xb8 (size before relaxing)
 .eh_frame      0x0000000000010eec       0x20 lib/syslog.o
                                         0x38 (size before relaxing)
 .eh_frame      0x0000000000010f0c       0x7c mm/main.o
                                         0x94 (size before relaxing)
 .eh_frame      0x0000000000010f88       0x90 mm/forkexit.o
                                         0xa8 (size before relaxing)
 .eh_frame      0x0000000000011018       0x2c mm/exec.o
                                         0x44 (size before relaxing)
 .eh_frame      0x0000000000011044      0x174 fs/main.o
                                        0x18c (size before relaxing)
 .eh_frame      0x00000000000111b8      0x128 fs/open.o
                                        0x140 (size before relaxing)
 .eh_frame      0x00000000000112e0       0x70 fs/misc.o
                                         0x88 (size before relaxing)
 .eh_frame      0x0000000000011350       0x2c fs/read_write.o
                                         0x44 (size before relaxing)
 .eh_frame      0x000000000001137c       0x2c fs/link.o
                                         0x44 (size before relaxing)
 .eh_frame      0x00000000000113a8       0x60 fs/disklog.o
                                         0x78 (size before relaxing)
 .eh_frame      0x0000000000011408       0x28 fs/search_dir.o
                                         0x40 (size before relaxing)
 .eh_frame      0x0000000000011430       0x40 lib/orangescrt.a(printf.o)
                                         0x58 (size before relaxing)
 .eh_frame      0x0000000000011470       0x68 lib/orangescrt.a(vsprintf.o)
                                         0x80 (size before relaxing)
 .eh_frame      0x00000000000114d8       0xbc lib/orangescrt.a(misc.o)
                                         0xd4 (size before relaxing)
 .eh_frame      0x0000000000011594       0x20 lib/orangescrt.a(open.o)
                                         0x38 (size before relaxing)
 .eh_frame      0x00000000000115b4       0x20 lib/orangescrt.a(read.o)
                                         0x38 (size before relaxing)
 .eh_frame      0x00000000000115d4       0x20 lib/orangescrt.a(write.o)
                                         0x38 (size before relaxing)
 .eh_frame      0x00000000000115f4       0x20 lib/orangescrt.a(close.o)
                                         0x38 (size before relaxing)
 .eh_frame      0x0000000000011614       0x20 lib/orangescrt.a(lseek.o)
                                         0x38 (size before relaxing)
 .eh_frame      0x0000000000011634       0x20 lib/orangescrt.a(getpid.o)
                                         0x38 (size before relaxing)
 .eh_frame      0x0000000000011654       0x20 lib/orangescrt.a(stat.o)
                                         0x38 (size before relaxing)
 .eh_frame      0x0000000000011674       0x20 lib/orangescrt.a(fork.o)
                                         0x38 (size before relaxing)
 .eh_frame      0x0000000000011694       0x20 lib/orangescrt.a(wait.o)
                                         0x38 (size before relaxing)
 .eh_frame      0x00000000000116b4       0x60 lib/orangescrt.a(exec.o)
                                         0x78 (size before relaxing)

.gcc_except_table
 *(.gcc_except_table .gcc_except_table.*)

.exception_ranges
 *(.exception_ranges .exception_ranges*)
                0x0000000000011714                . = (ALIGN (0x1000) - ((0x1000 - .) & 0xfff))
                0x0000000000012000                . = DATA_SEGMENT_ALIGN (0x1000, 0x1000)

.eh_frame
 *(.eh_frame)

.gcc_except_table
 *(.gcc_except_table .gcc_except_table.*)

.exception_ranges
 *(.exception_ranges .exception_ranges*)

.tdata
 *(.tdata .tdata.* .gnu.linkonce.td.*)

.tbss
 *(.tbss .tbss.* .gnu.linkonce.tb.*)
 *(.tcommon)

.preinit_array  0x0000000000012000        0x0
                0x0000000000012000                PROVIDE (__preinit_array_start, .)
 *(.preinit_array)
                0x0000000000012000                PROVIDE (__preinit_array_end, .)

.init_array     0x0000000000012000        0x0
                0x0000000000012000                PROVIDE (__init_array_start, .)
 *(SORT(.init_array.*) SORT(.ctors.*))
 *(.init_array EXCLUDE_FILE(*crtend?.o *crtend.o *crtbegin?.o *crtbegin.o) .ctors)
                0x0000000000012000                PROVIDE (__init_array_end, .)

.fini_array     0x0000000000012000        0x0
                0x0000000000012000                PROVIDE (__fini_array_start, .)
 *(SORT(.fini_array.*) SORT(.dtors.*))
 *(.fini_array EXCLUDE_FILE(*crtend?.o *crtend.o *crtbegin?.o *crtbegin.o) .dtors)
                0x0000000000012000                PROVIDE (__fini_array_end, .)

.ctors
 *crtbegin.o(.ctors)
 *crtbegin?.o(.ctors)
 *(EXCLUDE_FILE(*crtend?.o *crtend.o) .ctors)
 *(SORT(.ctors.*))
 *(.ctors)

.dtors
 *crtbegin.o(.dtors)
 *crtbegin?.o(.dtors)
 *(EXCLUDE_FILE(*crtend?.o *crtend.o) .dtors)
 *(SORT(.dtors.*))
 *(.dtors)

.jcr
 *(.jcr)

.data.rel.ro
 *(.data.rel.ro.local* .gnu.linkonce.d.rel.ro.local.*)
 *(.data.rel.ro .data.rel.ro.* .gnu.linkonce.d.rel.ro.*)

.dynamic
 *(.dynamic)

.got
 *(.got)
 *(.igot)
                0x0000000000012000                . = DATA_SEGMENT_RELRO_END (., (SIZEOF (.got.plt) >= 0xc)?0xc:0x0)

.got.plt        0x0000000000012000        0x0
 *(.got.plt)
 *(.igot.plt)
 .igot.plt      0x0000000000000000        0x0 kernel/kernel.o

.data           0x0000000000012000      0x814
 *(.data .data.* .gnu.linkonce.d.*)
 .data          0x0000000000012000        0x2 kernel/kernel.o
 .data          0x0000000000012002        0x0 kernel/start.o
 .data          0x0000000000012002        0x0 kernel/main.o
 .data          0x0000000000012002        0x0 kernel/clock.o
 *fill*         0x0000000000012002       0x1e 
 .data          0x0000000000012020      0x600 kernel/keyboard.o
                0x0000000000012020                keymap
 .data          0x0000000000012620       0x22 kernel/tty.o
 .data          0x0000000000012642        0x0 kernel/console.o
 .data          0x0000000000012642        0x0 kernel/i8259.o
 *fill*         0x0000000000012642       0x1e 
 .data          0x0000000000012660      0x1b4 kernel/global.o
                0x0000000000012660                task_table
                0x0000000000012740                user_proc_table
                0x00000000000127e0                sys_call_table
                0x00000000000127ec                dd_map
                0x0000000000012804                fsbuf
                0x0000000000012808                mmbuf
                0x000000000001280c                logbuf
                0x0000000000012810                logdiskbuf
 .data          0x0000000000012814        0x0 kernel/protect.o
 .data          0x0000000000012814        0x0 kernel/proc.o
 .data          0x0000000000012814        0x0 kernel/systask.o
 .data          0x0000000000012814        0x0 kernel/hd.o
 .data          0x0000000000012814        0x0 kernel/klib.o
 .data          0x0000000000012814        0x0 lib/syslog.o
 .data          0x0000000000012814        0x0 mm/main.o
 .data          0x0000000000012814        0x0 mm/forkexit.o
 .data          0x0000000000012814        0x0 mm/exec.o
 .data          0x0000000000012814        0x0 fs/main.o
 .data          0x0000000000012814        0x0 fs/open.o
 .data          0x0000000000012814        0x0 fs/misc.o
 .data          0x0000000000012814        0x0 fs/read_write.o
 .data          0x0000000000012814        0x0 fs/link.o
 .data          0x0000000000012814        0x0 fs/disklog.o
 .data          0x0000000000012814        0x0 fs/search_dir.o
 .data          0x0000000000012814        0x0 lib/orangescrt.a(printf.o)
 .data          0x0000000000012814        0x0 lib/orangescrt.a(vsprintf.o)
 .data          0x0000000000012814        0x0 lib/orangescrt.a(misc.o)
 .data          0x0000000000012814        0x0 lib/orangescrt.a(open.o)
 .data          0x0000000000012814        0x0 lib/orangescrt.a(read.o)
 .data          0x0000000000012814        0x0 lib/orangescrt.a(write.o)
 .data          0x0000000000012814        0x0 lib/orangescrt.a(close.o)
 .data          0x0000000000012814        0x0 lib/orangescrt.a(lseek.o)
 .data          0x0000000000012814        0x0 lib/orangescrt.a(getpid.o)
 .data          0x0000000000012814        0x0 lib/orangescrt.a(stat.o)
 .data          0x0000000000012814        0x0 lib/orangescrt.a(fork.o)
 .data          0x0000000000012814        0x0 lib/orangescrt.a(wait.o)
 .data          0x0000000000012814        0x0 lib/orangescrt.a(exec.o)

.data1
 *(.data1)
                0x0000000000012814                _edata = .
                0x0000000000012814                PROVIDE (edata, .)
                0x0000000000012814                . = .
                0x0000000000012814                __bss_start = .

.bss            0x0000000000012820    0x35128
 *(.dynbss)
 *(.bss .bss.* .gnu.linkonce.b.*)
 .bss           0x0000000000012820     0xa000 kernel/kernel.o
 .bss           0x000000000001c820        0x0 kernel/start.o
 .bss           0x000000000001c820        0x0 kernel/main.o
 .bss           0x000000000001c820        0x0 kernel/clock.o
 .bss           0x000000000001c820       0x58 kernel/keyboard.o
 .bss           0x000000000001c878        0x0 kernel/tty.o
 .bss           0x000000000001c878        0x0 kernel/console.o
 .bss           0x000000000001c878        0x0 kernel/i8259.o
 .bss           0x000000000001c878        0x0 kernel/global.o
 .bss           0x000000000001c878        0x0 kernel/protect.o
 .bss           0x000000000001c878        0x0 kernel/proc.o
 .bss           0x000000000001c878        0x0 kernel/systask.o
 *fill*         0x000000000001c878        0x8 
 .bss           0x000000000001c880      0x64c kernel/hd.o
 .bss           0x000000000001cecc        0x0 kernel/klib.o
 .bss           0x000000000001cecc        0x0 lib/syslog.o
 .bss           0x000000000001cecc        0x0 mm/main.o
 .bss           0x000000000001cecc        0x0 mm/forkexit.o
 .bss           0x000000000001cecc        0x0 mm/exec.o
 .bss           0x000000000001cecc        0x0 fs/main.o
 .bss           0x000000000001cecc        0x0 fs/open.o
 .bss           0x000000000001cecc        0x0 fs/misc.o
 .bss           0x000000000001cecc        0x0 fs/read_write.o
 .bss           0x000000000001cecc        0x0 fs/link.o
 *fill*         0x000000000001cecc       0x14 
 .bss           0x000000000001cee0      0x208 fs/disklog.o
 .bss           0x000000000001d0e8        0x0 fs/search_dir.o
 .bss           0x000000000001d0e8        0x0 lib/orangescrt.a(printf.o)
 .bss           0x000000000001d0e8        0x0 lib/orangescrt.a(vsprintf.o)
 .bss           0x000000000001d0e8        0x0 lib/orangescrt.a(misc.o)
 .bss           0x000000000001d0e8        0x0 lib/orangescrt.a(open.o)
 .bss           0x000000000001d0e8        0x0 lib/orangescrt.a(read.o)
 .bss           0x000000000001d0e8        0x0 lib/orangescrt.a(write.o)
 .bss           0x000000000001d0e8        0x0 lib/orangescrt.a(close.o)
 .bss           0x000000000001d0e8        0x0 lib/orangescrt.a(lseek.o)
 .bss           0x000000000001d0e8        0x0 lib/orangescrt.a(getpid.o)
 .bss           0x000000000001d0e8        0x0 lib/orangescrt.a(stat.o)
 .bss           0x000000000001d0e8        0x0 lib/orangescrt.a(fork.o)
 .bss           0x000000000001d0e8        0x0 lib/orangescrt.a(wait.o)
 .bss           0x000000000001d0e8        0x0 lib/orangescrt.a(exec.o)
 *(COMMON)
 *fill*         0x000000000001d0e8       0x18 
 COMMON         0x000000000001d100    0x2a838 kernel/global.o
                0x000000000001d100                idt_ptr
                0x000000000001d120                inode_table
                0x000000000001dc20                task_stack
                0x0000000000041c20                k_reenter
                0x0000000000041c40                gdt
                0x0000000000042040                current_console
                0x0000000000042044                pcaller
                0x0000000000042060                tty_table
                0x0000000000042ce0                tss
                0x0000000000042d60                fs_msg
                0x0000000000042e58                memory_size
                0x0000000000042e60                f_desc_table
                0x0000000000043260                root_inode
                0x0000000000043264                disp_pos
                0x0000000000043280                mm_msg
                0x0000000000043378                key_pressed
                0x000000000004337c                gdt_ptr
                0x00000000000433a0                idt
                0x0000000000043ba0                super_block
                0x0000000000043d80                ticks
                0x0000000000043da0                console_table
                0x0000000000043de0                irq_table
                0x0000000000043e20                p_proc_ready
                0x0000000000043e40                proc_table
 COMMON         0x0000000000047938       0x10 kernel/hd.o
                0x0000000000047938                PARTITION_ENTRY
                0x0000000000047948                . = ALIGN ((. != 0x0)?0x4:0x1)
                0x0000000000047948                . = ALIGN (0x4)
                0x0000000000047948                . = SEGMENT_START ("ldata-segment", .)
                0x0000000000047948                . = ALIGN (0x4)
                0x0000000000047948                _end = .
                0x0000000000047948                PROVIDE (end, .)
                0x0000000000047948                . = DATA_SEGMENT_END (.)

.stab
 *(.stab)

.stabstr
 *(.stabstr)

.stab.excl
 *(.stab.excl)

.stab.exclstr
 *(.stab.exclstr)

.stab.index
 *(.stab.index)

.stab.indexstr
 *(.stab.indexstr)

.comment        0x0000000000000000       0x2b
 *(.comment)
 .comment       0x0000000000000000       0x2b kernel/start.o
                                         0x2c (size before relaxing)
 .comment       0x0000000000000000       0x2c kernel/main.o
 .comment       0x0000000000000000       0x2c kernel/clock.o
 .comment       0x0000000000000000       0x2c kernel/keyboard.o
 .comment       0x0000000000000000       0x2c kernel/tty.o
 .comment       0x0000000000000000       0x2c kernel/console.o
 .comment       0x0000000000000000       0x2c kernel/i8259.o
 .comment       0x0000000000000000       0x2c kernel/global.o
 .comment       0x0000000000000000       0x2c kernel/protect.o
 .comment       0x0000000000000000       0x2c kernel/proc.o
 .comment       0x0000000000000000       0x2c kernel/systask.o
 .comment       0x0000000000000000       0x2c kernel/hd.o
 .comment       0x0000000000000000       0x2c kernel/klib.o
 .comment       0x0000000000000000       0x2c lib/syslog.o
 .comment       0x0000000000000000       0x2c mm/main.o
 .comment       0x0000000000000000       0x2c mm/forkexit.o
 .comment       0x0000000000000000       0x2c mm/exec.o
 .comment       0x0000000000000000       0x2c fs/main.o
 .comment       0x0000000000000000       0x2c fs/open.o
 .comment       0x0000000000000000       0x2c fs/misc.o
 .comment       0x0000000000000000       0x2c fs/read_write.o
 .comment       0x0000000000000000       0x2c fs/link.o
 .comment       0x0000000000000000       0x2c fs/disklog.o
 .comment       0x0000000000000000       0x2c fs/search_dir.o
 .comment       0x0000000000000000       0x2c lib/orangescrt.a(printf.o)
 .comment       0x0000000000000000       0x2c lib/orangescrt.a(vsprintf.o)
 .comment       0x0000000000000000       0x2c lib/orangescrt.a(misc.o)
 .comment       0x0000000000000000       0x2c lib/orangescrt.a(open.o)
 .comment       0x0000000000000000       0x2c lib/orangescrt.a(read.o)
 .comment       0x0000000000000000       0x2c lib/orangescrt.a(write.o)
 .comment       0x0000000000000000       0x2c lib/orangescrt.a(close.o)
 .comment       0x0000000000000000       0x2c lib/orangescrt.a(lseek.o)
 .comment       0x0000000000000000       0x2c lib/orangescrt.a(getpid.o)
 .comment       0x0000000000000000       0x2c lib/orangescrt.a(stat.o)
 .comment       0x0000000000000000       0x2c lib/orangescrt.a(fork.o)
 .comment       0x0000000000000000       0x2c lib/orangescrt.a(wait.o)
 .comment       0x0000000000000000       0x2c lib/orangescrt.a(exec.o)

.debug
 *(.debug)

.line
 *(.line)

.debug_srcinfo
 *(.debug_srcinfo)

.debug_sfnames
 *(.debug_sfnames)

.debug_aranges
 *(.debug_aranges)

.debug_pubnames
 *(.debug_pubnames)

.debug_info
 *(.debug_info .gnu.linkonce.wi.*)

.debug_abbrev
 *(.debug_abbrev)

.debug_line
 *(.debug_line .debug_line.* .debug_line_end)

.debug_frame
 *(.debug_frame)

.debug_str
 *(.debug_str)

.debug_loc
 *(.debug_loc)

.debug_macinfo
 *(.debug_macinfo)

.debug_weaknames
 *(.debug_weaknames)

.debug_funcnames
 *(.debug_funcnames)

.debug_typenames
 *(.debug_typenames)

.debug_varnames
 *(.debug_varnames)

.debug_pubtypes
 *(.debug_pubtypes)

.debug_ranges
 *(.debug_ranges)

.debug_macro
 *(.debug_macro)

.gnu.attributes
 *(.gnu.attributes)

/DISCARD/
 *(.note.GNU-stack)
 *(.gnu_debuglink)
 *(.gnu.lto_*)
OUTPUT(kernel.bin elf32-i386)
